The Twist::Chubby Checker::187
Smooth::Santana Featuring Rob Thomas::150
Mack The Knife::Bobby Darin::150
How Do I Live::LeAnn Rimes::128
Party Rock Anthem::LMFAO Featuring Lauren Bennett & GoonRock::95
I Gotta Feeling::The Black Eyed Peas::120
Macarena (Bayside Boys Mix)::Los Del Rio::126
Physical::Olivia Newton-John::148
You Light Up My Life::Debby Boone::229
Hey Jude::The Beatles::176
We Belong Together::Mariah Carey::226
Uptown Funk!::Mark Ronson Featuring Bruno Mars::181
Un-Break My Heart::Toni Braxton::117
Yeah!::Usher Featuring Lil Jon & Ludacris::194
Bette Davis Eyes::Kim Carnes::173
Endless Love::Diana Ross & Lionel Richie::185
Tonight's The Night (Gonna Be Alright)::Rod Stewart::117
Foolish Games/You Were Meant For Me::Jewel::177
(Everything I Do) I Do It For You::Bryan Adams::105
I'Ll Make Love To You::Boyz II Men::145
The Theme From "A Summer Place"::Percy Faith And His Orchestra::236
Le Freak::Chic::213
How Deep Is Your Love::Bee Gees::211
Eye Of The Tiger::Survivor::213
We Found Love::Rihanna Featuring Calvin Harris::134
Low::Flo Rida Featuring T-Pain::156
I Just Want To Be Your Everything::Andy Gibb::92
Too Close::Next::209
Every Breath You Take::The Police::226
Somebody That I Used To Know::Gotye Featuring Kimbra::141
Flashdance...What A Feeling::Irene Cara::110
Rolling In The Deep::Adele::131
Tossin' And Turnin'::Bobby Lewis::183
The Battle Of New Orleans::Johnny Horton::99
One Sweet Day::Mariah Carey & Boyz II Men::99
Truly Madly Deeply::Savage Garden::117
Silly Love Songs::Wings::147
Let's Get It On::Marvin Gaye::114
Night Fever::Bee Gees::113
Another One Bites The Dust::Queen::216
Say Say Say::Paul McCartney And Michael Jackson::122
How You Remind Me::Nickelback::161
Tie A Yellow Ribbon Round The Ole Oak Tree::Dawn Featuring Tony Orlando::224
It's All In The Game::Four Tops::149
I Want To Hold Your Hand::The Beatles::141
Shadow Dancing::Andy Gibb::133
Call Me Maybe::Carly Rae Jepsen::223
Blurred Lines::Robin Thicke Featuring T.I. + Pharrell::198
Candle In The Wind 1997/Something About The Way You Look Tonight::Elton John::91
No One::Alicia Keys::125
I Will Always Love You::Whitney Houston::150
End Of The Road::Boyz II Men::173
Boom Boom Pow::The Black Eyed Peas::162
Call Me::Blondie::130
Let Me Love You::Mario::161
Stayin' Alive::Bee Gees::92
Lady::Kenny Rogers::127
Tik Tok::Ke$ha::226
I'm A Believer::The Monkees::158
Gold Digger::Kanye West Featuring Jamie Foxx::123
Apologize::Timbaland Featuring OneRepublic::159
The Sign::Ace Of Base::119
Centerfold::The J. Geils Band::90
(Just Like) Starting Over::John Lennon::99
Royals::Lorde::176
The Boy Is Mine::Brandy & Monica::152
Because I Love You (The Postman Song)::Stevie B::189
I Love Rock 'N Roll::Joan Jett & the Blackhearts::128
All About That Bass::Meghan Trainor::106
Aquarius/Let The Sunshine In::The 5th Dimension::193
Whoomp! (There It Is)::Tag Team::193
Moves Like Jagger::Maroon 5 Featuring Christina Aguilera::238
Ebony And Ivory::Paul McCartney And Stevie Wonder::140
Rush Rush::Paula Abdul::185
That's What Friends Are For::Dionne & Friends::210
Happy::Pharrell Williams::219
Upside Down::Diana Ross::126
Sugar, Sugar::The Archies::94
Just The Way You Are::Bruno Mars::142
Dilemma::Nelly Featuring Kelly Rowland::222
I Heard It Through The Grapevine::Marvin Gaye::221
You're Still The One::Shania Twain::91
Billie Jean::Michael Jackson::120
Hot Stuff::Donna Summer::163
Gangsta's Paradise::Coolio Featuring L.V.::197
Abracadabra::The Steve Miller Band::176
You're So Vain::Carly Simon::108
Play That Funky Music::Wild Cherry::145
Say You, Say Me::Lionel Richie::97
My Sharona::The Knack::170
All Night Long (All Night)::Lionel Richie::221
Nothing Compares 2 U::Sinead O'Connor::164
I Swear::All-4-One::104
Family Affair::Mary J. Blige::179
Waiting For A Girl Like You::Foreigner::183
Are You Lonesome To-Night?::Elvis Presley With The Jordanaires::130
Killing Me Softly With His Song::Roberta Flack::95
Hurts So Good::John Cougar::215
I'Ll Be Missing You::Puff Daddy & Faith Evans Featuring 112::177
Dark Horse::Katy Perry Featuring Juicy J::124
